This is LuaTeX, Version beta-0.60.2-2010071217 (TeX Live 2010) (rev 3736)  (format=lualatex 2011.6.15)  27 JAN 2012 10:04
 restricted \write18 enabled.
**test
(./test.tex
LaTeX2e <2009/09/24>
LuaTeX adaptation of babel <v3.8l-luatex-1.4> and hyphenation patterns for engl
ish, dumylang, nohyphenation, loaded.
(/usr/local/texlive/2010/texmf-dist/tex/latex/base/article.cls
Document Class: article 2007/10/19 v1.4h Standard LaTeX document class
(/usr/local/texlive/2010/texmf-dist/tex/latex/base/size12.clo
File: size12.clo 2007/10/19 v1.4h Standard LaTeX file (size option)
)
\c@part=\count79
\c@section=\count80
\c@subsection=\count81
\c@subsubsection=\count82
\c@paragraph=\count83
\c@subparagraph=\count84
\c@figure=\count85
\c@table=\count86
\abovecaptionskip=\skip41
\belowcaptionskip=\skip42
\bibindent=\dimen102
)
(/usr/share/texmf/tex/latex/gregoriotex/gregoriotex.sty
Package: gregoriotex 2010/09/27 v2.1 GregorioTeX system.

(/usr/local/texlive/2010/texmf-dist/tex/latex/xcolor/xcolor.sty
Package: xcolor 2007/01/21 v2.11 LaTeX color extensions (UK)

(/usr/local/texlive/2010/texmf-dist/tex/latex/latexconfig/color.cfg
File: color.cfg 2007/01/18 v1.5 color configuration of teTeX/TeXLive
)
Package xcolor Info: Driver file: pdftex.def on input line 225.

(/usr/local/texlive/2010/texmf-dist/tex/latex/pdftex-def/pdftex.def
File: pdftex.def 2011/01/28 v0.05d Graphics/color for pdfTeX

(/usr/local/texlive/2010/texmf-dist/tex/generic/oberdiek/pdftexcmds.sty
Package: pdftexcmds 2010/04/01 v0.9 Utility functions of pdfTeX for LuaTeX (HO)


(/usr/local/texlive/2010/texmf-dist/tex/generic/oberdiek/infwarerr.sty
Package: infwarerr 2010/04/08 v1.3 Providing info/warning/message (HO)
)
(/usr/local/texlive/2010/texmf-dist/tex/generic/oberdiek/ifluatex.sty
Package: ifluatex 2010/03/01 v1.3 Provides the ifluatex switch (HO)
Package ifluatex Info: LuaTeX detected.
)
(/usr/local/texlive/2010/texmf-dist/tex/generic/oberdiek/ltxcmds.sty
Package: ltxcmds 2010/04/26 v1.7 LaTeX kernel commands for general use (HO)
)
Package pdftexcmds Info: \pdf@primitive is available.
Package pdftexcmds Info: \pdf@ifprimitive is available.

(/usr/local/texlive/2010/texmf-dist/tex/generic/oberdiek/luatex-loader.sty
Package: luatex-loader 2010/03/09 v0.4 Lua module loader (HO)

(/usr/local/texlive/2010/texmf-dist/scripts/oberdiek/oberdiek.luatex.lua))
\pdftexcmds@toks=\toks14
)
\Gread@gobject=\count87
)
Package xcolor Info: Model `cmy' substituted by `cmy0' on input line 1337.
Package xcolor Info: Model `hsb' substituted by `rgb' on input line 1341.
Package xcolor Info: Model `RGB' extended on input line 1353.
Package xcolor Info: Model `HTML' substituted by `rgb' on input line 1355.
Package xcolor Info: Model `Hsb' substituted by `hsb' on input line 1356.
Package xcolor Info: Model `tHsb' substituted by `hsb' on input line 1357.
Package xcolor Info: Model `HSB' substituted by `hsb' on input line 1358.
Package xcolor Info: Model `Gray' substituted by `gray' on input line 1359.
Package xcolor Info: Model `wave' substituted by `hsb' on input line 1360.
)
(/usr/share/texmf/tex/gregoriotex/gregoriotex.tex
\Greaux=\write3
\grefactor=\count88

(/usr/share/texmf/tex/gregoriotex/gregoriotex-spaces.tex
\greadditionallineswidth=\skip43
\grezerowidthspace=\skip44
\greinterglyphspace=\skip45
\grealterationspace=\skip46
\grebeforechoralsignspace=\skip47
\greclefflatspace=\skip48
\grebeforealterationspace=\skip49
\greinterelementspace=\skip50
\grelargerspace=\skip51
\greglyphspace=\skip52
\greintersyllablespace=\skip53
\grespacebeforecusto=\skip54
\grespacebeforesigns=\skip55
\grespaceaftersigns=\skip56
\grespaceafterlineclef=\skip57
\greinterwordspacenotes=\skip58
\greinterwordspacenotestext=\skip59
\greinterwordspacetextnotes=\skip60
\greinterwordspacetext=\skip61
\grebitrivirspace=\skip62
\grebitristrospace=\skip63
\grepunctuminclinatumshift=\skip64
\grebeforepunctainclinatashift=\skip65
\grepunctuminclinatumanddebilisshift=\skip66
\grepunctuminclinatumdebilisshift=\skip67
\grepunctuminclinatumbigshift=\skip68
\grepunctuminclinatummaxshift=\skip69
\grespacearoundsmallbar=\skip70
\grespacearoundminor=\skip71
\grespacearoundmaior=\skip72
\grespacearoundfinalis=\skip73
\grespacebeforefinalfinalis=\skip74
\grespacearoundclefbars=\skip75
\gretextbartextspace=\skip76
\grenotebarspace=\skip77
\gremaximumspacewithoutdash=\dimen103
\greafterclefnospace=\skip78
\greadditionallineswidth=\dimen104
\greafterinitialshift=\skip79
\grebeforeinitialshift=\skip80
\greminimalspaceatlinebeginning=\dimen105
\greaboveinitialseparation=\dimen106
\grestafflineheight=\dimen107
\greinterstafflinespace=\dimen108
\grestafflinediff=\dimen109
\greabovesignsspace=\dimen110
\grebelowsignsspace=\dimen111
\grelowchoralsignshift=\dimen112
\grehighchoralsignshift=\dimen113
\gretranslationheight=\dimen114
\grespaceabovelines=\skip81
\greabovelinestextraise=\dimen115
\greabovelinestextheight=\dimen116
\grespacelinestext=\skip82
\grespacebeneathtext=\skip83
\greconstantglyphraise=\dimen117
\grestaffheight=\dimen118
\greclefchangespace=\skip84
\grenoclefspace=\dimen119
\grebraceshift=\skip85
\grecurlybraceaccentusshift=\skip86

(/usr/share/texmf/tex/gregoriotex/gsp-default.tex))
\grestafflinewidth=\dimen120
\grelinewidth=\dimen121
\grecurrenttranslationheight=\dimen122
\greadditionalbottomspace=\dimen123
\greadditionaltopspace=\dimen124
\gretextlower=\dimen125
\GreTempwidth=\box26
\gretempwidth=\dimen126
\gretextaligncenter=\dimen127
\gregoriotextdashwidth=\dimen128
\greadditionalleftspace=\dimen129
\GreInitial=\box27
\greinitialwidth=\dimen130
\grebiginitial=\count89
\greknownline=\count90
\GreAboveinitialfirstbox=\box28
\greaboveinitialfirstraise=\dimen131
\GreAboveinitialsecondbox=\box29
\greaboveinitialsecondraise=\dimen132
\grecurrentabovelinestextheight=\dimen133
\GreLines=\box30

(/usr/share/texmf/tex/gregoriotex/gregoriotex-signs.tex
\greclefnum=\count91
\greclefwidth=\dimen134
\GreTempsign=\box31
\gretempdimsignwidth=\dimen135
\gretempdimtwo=\dimen136
\keeprightbox=\count92
\grefirstisalteration=\count93
)
(/usr/share/texmf/tex/gregoriotex/gregoriotex-syllable.tex
\greglyphraisevalue=\dimen137
\greaddedraisevalue=\dimen138
\gretempdimcount=\count94
\greisonaline=\count95
\grefirstglyph=\count96
\grelastglyphwidth=\dimen139
\grenotesaligncenter=\dimen140
\GreSyllablenotes=\box32
\greenddifference=\dimen141
\grepreviousenddifference=\dimen142
\grebegindifference=\dimen143
\gretempdim=\dimen144
\GreSyllabletext=\box33
\grefirstsyllableofword=\count97
\greendofscore=\count98
\greskipone=\skip87
\grenextbegindifference=\skip88
\gretempdimskip=\skip89
)
\printchirovbars=\count99
\grelastoflinecount=\count100
\greblockcusto=\count101

(/usr/share/texmf/tex/gregoriotex/gregoriotex-symbols.tex
\gretempfactor=\count102
)))
(/usr/local/texlive/2010/texmf-dist/tex/latex/fontspec/fontspec.sty
Package: fontspec 2011/02/26 v2.1f Advanced font selection for XeLaTeX/LuaLaTeX


(/usr/local/texlive/2010/texmf-dist/tex/latex/expl3/expl3.sty
(/usr/local/texlive/2010/texmf-dist/tex/latex/expl3/l3names.sty
Package: l3names 2011/01/08 v2122 L3 Experimental Naming Scheme for TeX Primiti
ves

(/usr/local/texlive/2010/texmf-dist/tex/generic/oberdiek/luatex.sty
Package: luatex 2010/03/09 v0.4 LuaTeX basic definition package (HO)

(/usr/local/texlive/2010/texmf-dist/tex/latex/etex-pkg/etex.sty
Package: etex 1998/03/26 v2.0 eTeX basic definition package (PEB)
\et@xins=\count103
)
\LuT@AllocAttribute=\count277
\LuT@AllocCatcodeTable=\count278
\CatcodeTableStack=\count279
\CatcodeTableIniTeX=\catcodetable1
\CatcodeTableString=\catcodetable3
\CatcodeTableOther=\catcodetable5
\CatcodeTableLaTeX=\catcodetable7
))
Package: expl3 2011/02/17 v2156 L3 Experimental code bundle wrapper

(/usr/local/texlive/2010/texmf-dist/tex/latex/expl3/l3basics.sty
Package: l3basics 2011/02/26 v2158 L3 Experimental basic definitions
)
(/usr/local/texlive/2010/texmf-dist/tex/latex/expl3/l3expan.sty
Package: l3expan 2010/09/20 v2037 L3 Experimental Argument Expansion module
)
(/usr/local/texlive/2010/texmf-dist/tex/latex/expl3/l3tl.sty
Package: l3tl 2011/03/07 v2184 L3 Experimental Token Lists
)
(/usr/local/texlive/2010/texmf-dist/tex/latex/expl3/l3int.sty
Package: l3int 2011/03/06 v2178 L3 Experimental Integer module
\l_tmpa_int=\count280
\l_tmpb_int=\count281
\l_tmpc_int=\count282
\g_tmpa_int=\count283
\g_tmpb_int=\count284
\c_max_int=\count285
\g_tl_inline_level_int=\count286
\g_prg_inline_level_int=\count287
)
(/usr/local/texlive/2010/texmf-dist/tex/latex/expl3/l3quark.sty
Package: l3quark 2011/03/03 v2172 L3 Experimental Quark Commands
)
(/usr/local/texlive/2010/texmf-dist/tex/latex/expl3/l3seq.sty
Package: l3seq 2010/03/29 v1879 L3 Experimental sequences and stacks
)
(/usr/local/texlive/2010/texmf-dist/tex/latex/expl3/l3toks.sty
Package: l3toks 2010/09/20 v2037 L3 Experimental Token Registers
\l_tmpb_toks=\toks15
\l_tmpc_toks=\toks16
\g_tmpa_toks=\toks17
\g_tmpb_toks=\toks18
\g_tmpc_toks=\toks19
\c_empty_toks=\toks20
\l_tl_replace_toks=\toks21
)
(/usr/local/texlive/2010/texmf-dist/tex/latex/expl3/l3prg.sty
Package: l3prg 2011/03/06 v2178 L3 Experimental control structures
)
(/usr/local/texlive/2010/texmf-dist/tex/latex/expl3/l3clist.sty
Package: l3clist 2011/03/06 v2178 L3 Experimental comma separated lists
\g_clist_map_inline_int=\count288
)
(/usr/local/texlive/2010/texmf-dist/tex/latex/expl3/l3token.sty
Package: l3token 2011/02/16 v2151 L3 Experimental token investigation and manip
ulation
)
(/usr/local/texlive/2010/texmf-dist/tex/latex/expl3/l3prop.sty
Package: l3prop 2010/11/23 v2087 L3 Experimental Property Lists
\g_prop_inline_level_int=\count289
)
(/usr/local/texlive/2010/texmf-dist/tex/latex/expl3/l3msg.sty
Package: l3msg 2010/10/02 v2052 L3 Experimental LaTeX Messages module
\l_msg_redirect_classes_prop=\toks22
\l_msg_redirect_names_prop=\toks23
\l_msg_redirect_fatal_prop=\toks24
\l_msg_redirect_error_prop=\toks25
\l_msg_redirect_warning_prop=\toks26
\l_msg_redirect_info_prop=\toks27
\l_msg_redirect_log_prop=\toks28
\l_msg_redirect_trace_prop=\toks29
\l_msg_redirect_none_prop=\toks30
)
(/usr/local/texlive/2010/texmf-dist/tex/latex/expl3/l3io.sty
Package: l3io 2010/10/03 v2063 L3 Experimental i/o module
\g_iow_streams_prop=\toks31
\g_ior_streams_prop=\toks32
\l_iow_stream_int=\count290
)
(/usr/local/texlive/2010/texmf-dist/tex/latex/expl3/l3skip.sty
Package: l3skip 2011/02/15 v2149 L3 Experimental skip registers
\l_tmpa_skip=\skip256
\l_tmpb_skip=\skip257
\l_tmpc_skip=\skip258
\g_tmpa_skip=\skip259
\g_tmpb_skip=\skip260
\l_tmpa_dim=\dimen256
\l_tmpb_dim=\dimen257
\l_tmpc_dim=\dimen258
\l_tmpd_dim=\dimen259
\g_tmpa_dim=\dimen260
\g_tmpb_dim=\dimen261
)
(/usr/local/texlive/2010/texmf-dist/tex/latex/expl3/l3box.sty
Package: l3box 2011/03/06 v2178 L3 Experimental Box module
\l_tmpb_box=\box256
)
(/usr/local/texlive/2010/texmf-dist/tex/latex/expl3/l3keyval.sty
Package: l3keyval 2010/04/11 v1890 L3 Experimental keyval processing
\l_KV_level_int=\count291
)
(/usr/local/texlive/2010/texmf-dist/tex/latex/expl3/l3keys.sty
Package: l3keys 2010/11/11 v2082 L3 Experimental key-value support
\l_keys_choice_int=\count292
)
(/usr/local/texlive/2010/texmf-dist/tex/latex/expl3/l3precom.sty
Package: l3precom 2010/02/09 v1793 L3 Experimental precompilation module
\g_gen_sym_int=\count293
\g_ggen_sym_int=\count294
)
(/usr/local/texlive/2010/texmf-dist/tex/latex/expl3/l3xref.sty
Package: l3xref 2011/02/16 v2151 L3 Experimental cross referencing
\g_xref_all_curr_immediate_fields_prop=\toks33
\g_xref_all_curr_deferred_fields_prop=\toks34
)
(/usr/local/texlive/2010/texmf-dist/tex/latex/expl3/l3file.sty
Package: l3file 2010/03/21 v1853 L3 Experimental file loading
)
(/usr/local/texlive/2010/texmf-dist/tex/latex/expl3/l3fp.sty
Package: l3fp 2011/03/06 v2178 L3 Experimental floating-point operations
\c_one_million=\count295
\c_one_hundred_million=\count296
\c_five_hundred_million=\count297
\c_one_thousand_million=\count298
\c_fp_pi_by_four_decimal_int=\count299
\c_fp_pi_by_four_extended_int=\count300
\c_fp_pi_decimal_int=\count301
\c_fp_pi_extended_int=\count302
\c_fp_two_pi_decimal_int=\count303
\c_fp_two_pi_extended_int=\count304
\l_fp_count_int=\count305
\l_fp_div_offset_int=\count306
\l_fp_exp_integer_int=\count307
\l_fp_exp_decimal_int=\count308
\l_fp_exp_extended_int=\count309
\l_fp_exp_exponent_int=\count310
\l_fp_input_a_sign_int=\count311
\l_fp_input_a_integer_int=\count312
\l_fp_input_a_decimal_int=\count313
\l_fp_input_a_exponent_int=\count314
\l_fp_input_b_sign_int=\count315
\l_fp_input_b_integer_int=\count316
\l_fp_input_b_decimal_int=\count317
\l_fp_input_b_exponent_int=\count318
\l_fp_input_a_extended_int=\count319
\l_fp_input_b_extended_int=\count320
\l_fp_mul_a_i_int=\count321
\l_fp_mul_a_ii_int=\count322
\l_fp_mul_a_iii_int=\count323
\l_fp_mul_a_iv_int=\count324
\l_fp_mul_a_v_int=\count325
\l_fp_mul_a_vi_int=\count326
\l_fp_mul_b_i_int=\count327
\l_fp_mul_b_ii_int=\count328
\l_fp_mul_b_iii_int=\count329
\l_fp_mul_b_iv_int=\count330
\l_fp_mul_b_v_int=\count331
\l_fp_mul_b_vi_int=\count332
\l_fp_mul_output_int=\count333
\l_fp_output_sign_int=\count334
\l_fp_output_integer_int=\count335
\l_fp_output_decimal_int=\count336
\l_fp_output_exponent_int=\count337
\l_fp_output_extended_int=\count338
\l_fp_round_position_int=\count339
\l_fp_round_target_int=\count340
\l_fp_split_sign_int=\count341
\l_fp_tmp_int=\count342
\l_fp_trig_octant_int=\count343
\l_fp_trig_sign_int=\count344
\l_fp_trig_decimal_int=\count345
\l_fp_trig_extended_int=\count346
\l_fp_tmp_dim=\dimen262
\l_fp_tmp_skip=\skip261
)
(/usr/local/texlive/2010/texmf-dist/tex/latex/expl3/l3luatex.sty
Package: l3luatex 2010/07/18 v1985 L3 Experimental LuaTeX functions
\g_cctab_allocate_int=\count347
\g_cctab_stack_int=\count348
\c_code_cctab=\catcodetable9
)
(/usr/local/texlive/2010/texmf-dist/tex/latex/expl3/l3font.sty
Package: l3font 2011/03/03 v2175 L3 Experimental Font Loading
)
(/usr/local/texlive/2010/texmf-dist/tex/latex/tools/calc.sty
Package: calc 2007/08/22 v4.3 Infix arithmetic (KKT,FJ)
\calc@Acount=\count349
\calc@Bcount=\count350
\calc@Adimen=\dimen263
\calc@Bdimen=\dimen264
\calc@Askip=\skip262
\calc@Bskip=\skip263
LaTeX Info: Redefining \setlength on input line 76.
LaTeX Info: Redefining \addtolength on input line 77.
\calc@Ccount=\count351
\calc@Cskip=\skip264
))
(/usr/local/texlive/2010/texmf-dist/tex/latex/xpackages/xbase/xparse.sty
Package: xparse 2011/01/23 v2136 Generic document command parser
\c_xparse_shorthands_prop=\toks35
\l_xparse_m_args_int=\count352
\l_xparse_mandatory_args_int=\count353
\l_xparse_processor_int=\count354
\l_xparse_total_args_int=\count355
)
(/usr/local/texlive/2010/texmf-dist/tex/generic/kastrup/binhex.tex)
(/usr/local/texlive/2010/texmf-dist/tex/luatex/luaotfload/luaotfload.sty
Package: luaotfload 2011/02/16 v1.24 OpenType layout system

(/usr/local/texlive/2010/texmf-dist/tex/luatex/luatexbase/luatexbase.sty
Package: luatexbase 2010/10/06 v0.3 Module utilities for LuaTeX

(/usr/local/texlive/2010/texmf-dist/tex/luatex/luatexbase/luatexbase-compat.sty
Package: luatexbase-compat 2010/10/10 v0.3 Compatibility tools for LuaTeX
)
(/usr/local/texlive/2010/texmf-dist/tex/luatex/luatexbase/luatexbase-loader.sty
Package: luatexbase-loader 2010/10/10 v0.3 Lua module loader for LuaTeX
(/usr/local/texlive/2010/texmf-dist/tex/luatex/luatexbase/luatexbase.loader.lua
))
(/usr/local/texlive/2010/texmf-dist/tex/luatex/luatexbase/luatexbase-regs.sty
Package: luatexbase-regs 2010/10/10 v0.3 Registers allocation for LuaTeX
)
(/usr/local/texlive/2010/texmf-dist/tex/luatex/luatexbase/luatexbase-attr.sty
Package: luatexbase-attr 2010/10/10 v0.3 Attributes allocation for LuaTeX

(/usr/local/texlive/2010/texmf-dist/tex/luatex/luatexbase/attr.lua))
(/usr/local/texlive/2010/texmf-dist/tex/luatex/luatexbase/luatexbase-cctb.sty
Package: luatexbase-cctb 2010/10/10 v0.3 Catcodetable allocation for LuaTeX

(/usr/local/texlive/2010/texmf-dist/tex/luatex/luatexbase/cctb.lua)
\lltxb@catcodetable@alloc=\count356
\CatcodeTableIniTeX=\luatexcatcodetable1
\CatcodeTableString=\luatexcatcodetable2
\CatcodeTableOther=\luatexcatcodetable3
\CatcodeTableLaTeX=\luatexcatcodetable4
\CatcodeTableLaTeXAtLetter=\luatexcatcodetable5
\CatcodeTableExpl=\luatexcatcodetable6
)
(/usr/local/texlive/2010/texmf-dist/tex/luatex/luatexbase/luatexbase-mcb.sty
Package: luatexbase-mcb 2010/10/10 v0.3 Callback management for LuaTeX

(/usr/local/texlive/2010/texmf-dist/tex/luatex/luatexbase/luatexbase-modutils.s
ty
Package: luatexbase-modutils 2010/10/10 v0.3 Module utilities for LuaTeX

(/usr/local/texlive/2010/texmf-dist/tex/luatex/luatexbase/modutils.lua))
(/usr/local/texlive/2010/texmf-dist/tex/luatex/luatexbase/mcb.lua)
Lua module: luatexbase-mcb 2010/05/12 0.2 register several functions in a callb
ack
))
(/usr/local/texlive/2010/texmf-dist/tex/luatex/lualibs/lualibs.lua)
Lua module: lualibs 2011/01/20 0.96 Lua additional functions.

(/usr/local/texlive/2010/texmf-dist/tex/luatex/lualibs/lualibs-string.lua)
(/usr/local/texlive/2010/texmf-dist/tex/luatex/lualibs/lualibs-lpeg.lua)
(/usr/local/texlive/2010/texmf-dist/tex/luatex/lualibs/lualibs-boolean.lua)
(/usr/local/texlive/2010/texmf-dist/tex/luatex/lualibs/lualibs-number.lua)
(/usr/local/texlive/2010/texmf-dist/tex/luatex/lualibs/lualibs-math.lua)
(/usr/local/texlive/2010/texmf-dist/tex/luatex/lualibs/lualibs-table.lua)
(/usr/local/texlive/2010/texmf-dist/tex/luatex/lualibs/lualibs-aux.lua)
(/usr/local/texlive/2010/texmf-dist/tex/luatex/lualibs/lualibs-io.lua)
(/usr/local/texlive/2010/texmf-dist/tex/luatex/lualibs/lualibs-os.lua)
(/usr/local/texlive/2010/texmf-dist/tex/luatex/lualibs/lualibs-file.lua)
(/usr/local/texlive/2010/texmf-dist/tex/luatex/lualibs/lualibs-md5.lua)
(/usr/local/texlive/2010/texmf-dist/tex/luatex/lualibs/lualibs-dir.lua)
(/usr/local/texlive/2010/texmf-dist/tex/luatex/lualibs/lualibs-unicode.lua)
(/usr/local/texlive/2010/texmf-dist/tex/luatex/lualibs/lualibs-utils.lua)
(/usr/local/texlive/2010/texmf-dist/tex/luatex/lualibs/lualibs-dimen.lua)
(/usr/local/texlive/2010/texmf-dist/tex/luatex/lualibs/lualibs-url.lua)
(/usr/local/texlive/2010/texmf-dist/tex/luatex/lualibs/lualibs-set.lua)
(/usr/local/texlive/2010/texmf-dist/tex/luatex/luaotfload/luaotfload.lua)
Lua module: luaotfload 2011/02/16 1.24 OpenType layout system.
luaotfload: loading file /usr/local/texlive/2010/texmf-dist/tex/luatex/luaotflo
ad/otfl-luat-dum.lua.(using cache: /home/veronica/.texlive2010/texmf-var/luatex
-cache/generic)
luaotfload: loading file /usr/local/texlive/2010/texmf-dist/tex/luatex/luaotflo
ad/otfl-luat-ovr.lua.
luaotfload: loading file /usr/local/texlive/2010/texmf-dist/tex/luatex/luaotflo
ad/otfl-data-con.lua.
luaotfload: loading file /usr/local/texlive/2010/texmf-dist/tex/luatex/luaotflo
ad/otfl-font-ini.lua.
luaotfload: loading file /usr/local/texlive/2010/texmf-dist/tex/luatex/luaotflo
ad/otfl-node-dum.lua.
luaotfload: loading file /usr/local/texlive/2010/texmf-dist/tex/luatex/luaotflo
ad/otfl-node-inj.lua.
luaotfload: loading file /usr/local/texlive/2010/texmf-dist/tex/luatex/luaotflo
ad/otfl-font-tfm.lua.
luatexbase.attributes["otfl@state"] = 1
luaotfload: loading file /usr/local/texlive/2010/texmf-dist/tex/luatex/luaotflo
ad/otfl-font-cid.lua.
luaotfload: loading file /usr/local/texlive/2010/texmf-dist/tex/luatex/luaotflo
ad/otfl-font-ott.lua.
luaotfload: loading file /usr/local/texlive/2010/texmf-dist/tex/luatex/luaotflo
ad/otfl-font-map.lua.
luaotfload: loading file /usr/local/texlive/2010/texmf-dist/tex/luatex/luaotflo
ad/otfl-font-otf.lua.
luaotfload: loading file /usr/local/texlive/2010/texmf-dist/tex/luatex/luaotflo
ad/otfl-font-otd.lua.
luaotfload: loading file /usr/local/texlive/2010/texmf-dist/tex/luatex/luaotflo
ad/otfl-font-oti.lua.
luaotfload: loading file /usr/local/texlive/2010/texmf-dist/tex/luatex/luaotflo
ad/otfl-font-otb.lua.
luaotfload: loading file /usr/local/texlive/2010/texmf-dist/tex/luatex/luaotflo
ad/otfl-font-otn.lua.
luatexbase.attributes["otfl@markbase"] = 2
luatexbase.attributes["otfl@markmark"] = 3
luatexbase.attributes["otfl@markdone"] = 4
luatexbase.attributes["otfl@cursbase"] = 5
luatexbase.attributes["otfl@curscurs"] = 6
luatexbase.attributes["otfl@cursdone"] = 7
luatexbase.attributes["otfl@kernpair"] = 8
luaotfload: loading file /usr/local/texlive/2010/texmf-dist/tex/luatex/luaotflo
ad/otfl-font-ota.lua.
luaotfload: loading file /usr/local/texlive/2010/texmf-dist/tex/luatex/luaotflo
ad/otfl-font-otc.lua.
luaotfload: loading file /usr/local/texlive/2010/texmf-dist/tex/luatex/luaotflo
ad/otfl-font-def.lua.
luaotfload: loading file /usr/local/texlive/2010/texmf-dist/tex/luatex/luaotflo
ad/otfl-font-xtx.lua.
luaotfload: loading file /usr/local/texlive/2010/texmf-dist/tex/luatex/luaotflo
ad/otfl-font-dum.lua.
luaotfload: loading file /usr/local/texlive/2010/texmf-dist/tex/luatex/luaotflo
ad/otfl-font-nms.lua.
luaotfload: loading file /usr/local/texlive/2010/texmf-dist/tex/luatex/luaotflo
ad/otfl-font-clr.lua.
Module luatexbase-mcb info: creating 'luaotfload.patch_font' type 4
Module luatexbase-mcb info: inserting 'luaotfload.pre_linebreak_filter'
(luatexbase-mcb)            at position 1 in 'pre_linebreak_filter'
Module luatexbase-mcb info: inserting 'luaotfload.hpack_filter'
(luatexbase-mcb)            at position 1 in 'hpack_filter'
Module luatexbase-mcb info: resetting callback 'define_font'
Module luatexbase-mcb info: inserting 'luaotfload.define_font'
(luatexbase-mcb)            at position 1 in 'define_font'
Module luatexbase-mcb info: inserting 'luaotfload.find_vf_file'
(luatexbase-mcb)            at position 1 in 'find_vf_file'
)
(/usr/local/texlive/2010/texmf-dist/tex/latex/fontspec/fontspec.lua)
Lua module: fontspec 2009/12/04 2 Advanced font selection for LuaLaTeX.
\l_fontspec_script_int=\count357
\l_fontspec_language_int=\count358
\l_fontspec_strnum_int=\count359
Variant \tl_gset:cV already defined; not changing it on line 83

(/usr/local/texlive/2010/texmf-dist/tex/latex/xkeyval/xkeyval.sty
Package: xkeyval 2008/08/13 v2.6a package option processing (HA)

(/usr/local/texlive/2010/texmf-dist/tex/generic/xkeyval/xkeyval.tex
\XKV@toks=\toks36
\XKV@tempa@toks=\toks37
\XKV@depth=\count360
File: xkeyval.tex 2008/08/13 v2.6a key=value parser (HA)

(/usr/local/texlive/2010/texmf-dist/tex/generic/xkeyval/keyval.tex)))
(/usr/local/texlive/2010/texmf-dist/tex/latex/fontspec/fontspec-patches.sty
Package: fontspec-patches 2011/02/26 v2.1f Advanced font selection for XeLaTeX/
LuaLaTeX

(/usr/local/texlive/2010/texmf-dist/tex/latex/base/fixltx2e.sty
Package: fixltx2e 2006/09/13 v1.1m fixes to LaTeX
LaTeX Info: Redefining \em on input line 420.
)
LaTeX Info: Redefining \em on input line 22.
LaTeX Info: Redefining \emph on input line 29.
LaTeX Info: Redefining \- on input line 32.
)
(/usr/local/texlive/2010/texmf-dist/tex/latex/base/fontenc.sty
Package: fontenc 2005/09/27 v1.99g Standard LaTeX package

(/usr/local/texlive/2010/texmf-dist/tex/latex/euenc/eu2enc.def
File: eu2enc.def 2010/05/27 v0.1h Experimental Unicode font encodings
)
LaTeX Font Info:    Try loading font information for EU2+lmr on input line 100.


(/usr/local/texlive/2010/texmf-dist/tex/latex/euenc/eu2lmr.fd
File: eu2lmr.fd 2009/10/30 v1.6 Font defs for Latin Modern
)
luaotfload | load font: auto-selecting default features for script: dflt (was l
atn)(load: /home/veronica/.texlive2010/texmf-var/luatex-cache/generic/fonts/otf
/temp-lmroman10-regular.lua)) (/usr/local/texlive/2010/texmf-dist/tex/xelatex/x
unicode/xunicode.sty
File: xunicode.sty 2010/11/06 v0.96 provides access to latin accents and many o
ther characters in Unicode lower plane
)
 LaTeX info: Defining document command \fontspec
(LaTeX)  with arg. spec. 'O{}m' on line 335.

 LaTeX info: Defining document command \setmainfont
(LaTeX)  with arg. spec. 'O{}m' on line 339.

 LaTeX info: Defining document command \setsansfont
(LaTeX)  with arg. spec. 'O{}m' on line 343.

 LaTeX info: Defining document command \setmonofont
(LaTeX)  with arg. spec. 'O{}m' on line 347.

 LaTeX info: Defining document command \setmathrm
(LaTeX)  with arg. spec. 'O{}m' on line 351.

 LaTeX info: Defining document command \setboldmathrm
(LaTeX)  with arg. spec. 'O{}m' on line 354.

 LaTeX info: Defining document command \setmathsf
(LaTeX)  with arg. spec. 'O{}m' on line 357.

 LaTeX info: Defining document command \setmathtt
(LaTeX)  with arg. spec. 'O{}m' on line 360.

 LaTeX info: Defining document command \newfontfamily
(LaTeX)  with arg. spec. 'mO{}m' on line 377.

 LaTeX info: Defining document command \newfontface
(LaTeX)  with arg. spec. 'mO{}m' on line 380.

 LaTeX info: Defining document command \defaultfontfeatures
(LaTeX)  with arg. spec. 'm' on line 383.

 LaTeX info: Defining document command \addfontfeatures
(LaTeX)  with arg. spec. 'm' on line 400.

 LaTeX info: Defining document command \newfontfeature
(LaTeX)  with arg. spec. 'mm' on line 407.

 LaTeX info: Defining document command \newAATfeature
(LaTeX)  with arg. spec. 'mmmm' on line 416.

 LaTeX info: Defining document command \newICUfeature
(LaTeX)  with arg. spec. 'mmm' on line 425.

 LaTeX info: Defining document command \aliasfontfeature
(LaTeX)  with arg. spec. 'mm' on line 427.

 LaTeX info: Defining document command \aliasfontfeatureoption
(LaTeX)  with arg. spec. 'mmm' on line 430.

 LaTeX info: Defining document command \newfontscript
(LaTeX)  with arg. spec. 'mm' on line 435.

 LaTeX info: Defining document command \newfontlanguage
(LaTeX)  with arg. spec. 'mm' on line 457.

 LaTeX info: Defining document command \DeclareFontsExtensions
(LaTeX)  with arg. spec. 'm' on line 474.

\c@fontspec_tmp_int=\count361
LaTeX Info: Redefining \itshape on input line 2105.
LaTeX Info: Redefining \slshape on input line 2109.
LaTeX Info: Redefining \scshape on input line 2113.
LaTeX Info: Redefining \upshape on input line 2117.
(/usr/local/texlive/2010/texmf-dist/tex/latex/fontspec/fontspec.cfg))
luaotfload | Font names database loaded: /home/veronica/.texlive2010/texmf-var/
luatex-cache/generic/names/otfl-names.lua
luaotfload | load font: font family='alum', subfamily='regular' found: /home/ve
ronica/.fonts/Alum.otf(load: /home/veronica/.texlive2010/texmf-var/luatex-cache
/generic/fonts/otf/temp-alum.lua)
luaotfload | load otf: loading: /home/veronica/.fonts/Alum.otf (hash: alum)
luaotfload | load otf: font loaded okay
luaotfload | load otf: file size: 30328
luaotfload | load otf: enhancing ...
luaotfload | load otf: saving in cache: /home/veronica/.fonts/Alum.otf(save: /h
ome/veronica/.texlive2010/texmf-var/luatex-cache/generic/fonts/otf/temp-alum.lu
a)
luaotfload | load font: font family='alum', subfamily='regular' found: /home/ve
ronica/.fonts/Alum.otf
fontspec: script 'latn' exists in font 'Alum'
fontspec: script 'latn' exists in font 'Alum'
\g_fontspec_family_Alum_int=\count362
 fontspec info: Defining font family 'Alum(0)' for font 'Alum' with options [Li
gatures=TeX,].

\g_fontspec_Alum(0)_prop=\toks38
luaotfload | load font: font family='alum', subfamily='regular' found: /home/ve
ronica/.fonts/Alum.otf
 fontspec info: Defining shape 'normal' with NFSS spec.:
(fontspec)  <->"name:Alum:mode=node;script=latn;language=DFLT;+tlig;+trep;"

luaotfload | load font: font family='alum', subfamily='regular' found: /home/ve
ronica/.fonts/Alum.otf
 fontspec info: Could not resolve font Alum/B (it probably doesn't exist).

luaotfload | load font: font family='alum', subfamily='regular' found: /home/ve
ronica/.fonts/Alum.otf
 fontspec info: Could not resolve font Alum/I (it probably doesn't exist).

luaotfload | load font: font family='alum', subfamily='regular' found: /home/ve
ronica/.fonts/Alum.otf
 fontspec info: Could not resolve font Alum/BI (it probably doesn't exist).

luaotfload | load font: auto-selecting default features for script: dflt (was l
atn)
luaotfload | load font: font family='alum', subfamily='regular' found: /home/ve
ronica/.fonts/Alum.otf (./test.aux)
LaTeX Font Info:    Checking defaults for OML/cmm/m/it on input line 10.
LaTeX Font Info:    ... okay on input line 10.
LaTeX Font Info:    Checking defaults for T1/cmr/m/n on input line 10.
LaTeX Font Info:    ... okay on input line 10.
LaTeX Font Info:    Checking defaults for OT1/cmr/m/n on input line 10.
LaTeX Font Info:    ... okay on input line 10.
LaTeX Font Info:    Checking defaults for OMS/cmsy/m/n on input line 10.
LaTeX Font Info:    ... okay on input line 10.
LaTeX Font Info:    Checking defaults for OMX/cmex/m/n on input line 10.
LaTeX Font Info:    ... okay on input line 10.
LaTeX Font Info:    Checking defaults for U/cmr/m/n on input line 10.
LaTeX Font Info:    ... okay on input line 10.
LaTeX Font Info:    Checking defaults for EU2/lmr/m/n on input line 10.
LaTeX Font Info:    ... okay on input line 10.
luaotfload | load font: auto-selecting default features for script: dflt (was l
atn)
luaotfload | load font: font family='alum', subfamily='regular' found: /home/ve
ronica/.fonts/Alum.otf
(/usr/local/texlive/2010/texmf-dist/tex/context/base/supp-pdf.mkii
[Loading MPS to PDF converter (version 2006.09.02).]
\scratchcounter=\count363
\scratchdimen=\dimen265
\scratchbox=\box257
\nofMPsegments=\count364
\nofMParguments=\count365
\everyMPshowfont=\toks39
\MPscratchCnt=\count366
\MPscratchDim=\dimen266
\MPnumerator=\count367
\everyMPtoPDFconversion=\toks40
)
 fontspec info: Adjusting the maths setup (use [no-math] to avoid this).

\symlegacymaths=\mathgroup4
LaTeX Font Info:    Overwriting symbol font `legacymaths' in version `bold'
(Font)                  OT1/cmr/m/n --> OT1/cmr/bx/n on input line 10.
LaTeX Font Info:    Redeclaring math accent \acute on input line 10.
LaTeX Font Info:    Redeclaring math accent \grave on input line 10.
LaTeX Font Info:    Redeclaring math accent \ddot on input line 10.
LaTeX Font Info:    Redeclaring math accent \tilde on input line 10.
LaTeX Font Info:    Redeclaring math accent \bar on input line 10.
LaTeX Font Info:    Redeclaring math accent \breve on input line 10.
LaTeX Font Info:    Redeclaring math accent \check on input line 10.
LaTeX Font Info:    Redeclaring math accent \hat on input line 10.
LaTeX Font Info:    Redeclaring math accent \dot on input line 10.
LaTeX Font Info:    Redeclaring math accent \mathring on input line 10.
LaTeX Font Info:    Redeclaring math symbol \colon on input line 10.
LaTeX Font Info:    Redeclaring math symbol \Gamma on input line 10.
LaTeX Font Info:    Redeclaring math symbol \Delta on input line 10.
LaTeX Font Info:    Redeclaring math symbol \Theta on input line 10.
LaTeX Font Info:    Redeclaring math symbol \Lambda on input line 10.
LaTeX Font Info:    Redeclaring math symbol \Xi on input line 10.
LaTeX Font Info:    Redeclaring math symbol \Pi on input line 10.
LaTeX Font Info:    Redeclaring math symbol \Sigma on input line 10.
LaTeX Font Info:    Redeclaring math symbol \Upsilon on input line 10.
LaTeX Font Info:    Redeclaring math symbol \Phi on input line 10.
LaTeX Font Info:    Redeclaring math symbol \Psi on input line 10.
LaTeX Font Info:    Redeclaring math symbol \Omega on input line 10.
LaTeX Font Info:    Redeclaring math symbol \mathdollar on input line 10.
LaTeX Font Info:    Redeclaring symbol font `operators' on input line 10.
LaTeX Font Info:    Encoding `OT1' has changed to `EU2' for symbol font
(Font)              `operators' in the math version `normal' on input line 10.
LaTeX Font Info:    Overwriting symbol font `operators' in version `normal'
(Font)                  OT1/cmr/m/n --> EU2/Alum(0)/m/n on input line 10.
LaTeX Font Info:    Encoding `OT1' has changed to `EU2' for symbol font
(Font)              `operators' in the math version `bold' on input line 10.
LaTeX Font Info:    Overwriting symbol font `operators' in version `bold'
(Font)                  OT1/cmr/bx/n --> EU2/Alum(0)/m/n on input line 10.
LaTeX Font Info:    Overwriting symbol font `operators' in version `normal'
(Font)                  EU2/Alum(0)/m/n --> EU2/Alum(0)/m/n on input line 10.
LaTeX Font Info:    Overwriting math alphabet `\mathrm' in version `normal'
(Font)                  EU2/Alum(0)/m/n --> EU2/Alum(0)/m/n on input line 10.
LaTeX Font Info:    Overwriting math alphabet `\mathit' in version `normal'
(Font)                  OT1/cmr/m/it --> EU2/Alum(0)/m/it on input line 10.
LaTeX Font Info:    Overwriting math alphabet `\mathbf' in version `normal'
(Font)                  OT1/cmr/bx/n --> EU2/Alum(0)/bx/n on input line 10.
LaTeX Font Info:    Overwriting math alphabet `\mathsf' in version `normal'
(Font)                  OT1/cmss/m/n --> EU2/lmss/m/n on input line 10.
LaTeX Font Info:    Overwriting math alphabet `\mathtt' in version `normal'
(Font)                  OT1/cmtt/m/n --> EU2/lmtt/m/n on input line 10.
LaTeX Font Info:    Overwriting symbol font `operators' in version `bold'
(Font)                  EU2/Alum(0)/m/n --> EU2/Alum(0)/bx/n on input line 10.
LaTeX Font Info:    Overwriting math alphabet `\mathrm' in version `bold'
(Font)                  EU2/Alum(0)/m/n --> EU2/Alum(0)/bx/n on input line 10.
LaTeX Font Info:    Overwriting math alphabet `\mathit' in version `bold'
(Font)                  OT1/cmr/bx/it --> EU2/Alum(0)/bx/it on input line 10.
LaTeX Font Info:    Overwriting math alphabet `\mathsf' in version `bold'
(Font)                  OT1/cmss/bx/n --> EU2/lmss/bx/n on input line 10.
LaTeX Font Info:    Overwriting math alphabet `\mathtt' in version `bold'
(Font)                  OT1/cmtt/m/n --> EU2/lmtt/bx/n on input line 10.


LaTeX Font Warning: Font shape `EU2/Alum(0)/bx/n' undefined
(Font)              using `EU2/Alum(0)/m/n' instead on input line 13.

luaotfload | load font: auto-selecting default features for script: dflt (was l
atn)
luaotfload | load font: font family='alum', subfamily='regular' found: /home/ve
ronica/.fonts/Alum.otf
luaotfload | load font: font family='norlik', subfamily='regular' found: /home/
veronica/.fonts/Norlik.otf(load: /home/veronica/.texlive2010/texmf-var/luatex-c
ache/generic/fonts/otf/temp-norlik.lua)
luaotfload | load font: font family='norlik', subfamily='regular' found: /home/
veronica/.fonts/Norlik.otf
fontspec: script 'latn' exists in font 'Norlik'
fontspec: script 'latn' exists in font 'Norlik'
\g_fontspec_family_Norlik_int=\count368
 fontspec info: Defining font family 'Norlik(0)' for font 'Norlik' with options
 [Ligatures=TeX,FakeBold=9].

\g_fontspec_Norlik(0)_prop=\toks41
luaotfload | load font: font family='norlik', subfamily='regular' found: /home/
veronica/.fonts/Norlik.otf
 fontspec info: Defining shape 'normal' with NFSS spec.:
(fontspec)  <->"name:Norlik:mode=node;script=latn;language=DFLT;+tlig;+trep;emb
olden=9;"

luaotfload | load font: font family='norlik', subfamily='regular' found: /home/
veronica/.fonts/Norlik.otf
 fontspec info: Could not resolve font Norlik/B (it probably doesn't exist).

luaotfload | load font: font family='norlik', subfamily='regular' found: /home/
veronica/.fonts/Norlik.otf
luaotfload | load font: font family='norlik', subfamily='italic' found: /home/v
eronica/.fonts/Norlik Italic.otf(load: /home/veronica/.texlive2010/texmf-var/lu
atex-cache/generic/fonts/otf/temp-norlik-italic.lua)
luaotfload | load font: font family='norlik', subfamily='italic' found: /home/v
eronica/.fonts/Norlik Italic.otf
 fontspec info: Defining shape 'italic' with NFSS spec.:
(fontspec)  <->"name:Norlik/I:mode=node;script=latn;language=DFLT;+tlig;+trep;e
mbolden=9;"

luaotfload | load font: font family='norlik', subfamily='regular' found: /home/
veronica/.fonts/Norlik.otf
 fontspec info: Could not resolve font Norlik/BI (it probably doesn't exist).

luaotfload | load font: auto-selecting default features for script: dflt (was l
atn)
luaotfload | load font: font family='norlik', subfamily='regular' found: /home/
veronica/.fonts/Norlik.otf
luaotfload | load font: font family='norlik', subfamily='regular' found: /home/
veronica/.fonts/Norlik.otf
luaotfload | load font: font family='norlik', subfamily='regular' found: /home/
veronica/.fonts/Norlik.otf
fontspec: script 'latn' exists in font 'Norlik'
fontspec: script 'latn' exists in font 'Norlik'
 fontspec info: Defining font family 'Norlik(1)' for font 'Norlik' with options
 [Ligatures=TeX,FakeSlant].

\g_fontspec_Norlik(1)_prop=\toks42
luaotfload | load font: font family='norlik', subfamily='regular' found: /home/
veronica/.fonts/Norlik.otf
 fontspec info: Defining shape 'normal' with NFSS spec.:
(fontspec)  <->"name:Norlik:mode=node;script=latn;language=DFLT;+tlig;+trep;sla
nt=0.2;"

luaotfload | load font: font family='norlik', subfamily='regular' found: /home/
veronica/.fonts/Norlik.otf
 fontspec info: Could not resolve font Norlik/B (it probably doesn't exist).

luaotfload | load font: font family='norlik', subfamily='regular' found: /home/
veronica/.fonts/Norlik.otf
luaotfload | load font: font family='norlik', subfamily='italic' found: /home/v
eronica/.fonts/Norlik Italic.otf
luaotfload | load font: font family='norlik', subfamily='italic' found: /home/v
eronica/.fonts/Norlik Italic.otf
 fontspec info: Defining shape 'italic' with NFSS spec.:
(fontspec)  <->"name:Norlik/I:mode=node;script=latn;language=DFLT;+tlig;+trep;s
lant=0.2;"

luaotfload | load font: font family='norlik', subfamily='regular' found: /home/
veronica/.fonts/Norlik.otf
 fontspec info: Could not resolve font Norlik/BI (it probably doesn't exist).

luaotfload | load font: auto-selecting default features for script: dflt (was l
atn)
luaotfload | load font: font family='norlik', subfamily='regular' found: /home/
veronica/.fonts/Norlik.otf
luaotfload | load font: font family='norlik', subfamily='regular' found: /home/
veronica/.fonts/Norlik.otf
luaotfload | load font: font family='norlik', subfamily='regular' found: /home/
veronica/.fonts/Norlik.otf
fontspec: script 'latn' exists in font 'Norlik'
fontspec: script 'latn' exists in font 'Norlik'
 fontspec info: Defining font family 'Norlik(2)' for font 'Norlik' with options
 [Ligatures=TeX,FakeStretch].

\g_fontspec_Norlik(2)_prop=\toks43
luaotfload | load font: font family='norlik', subfamily='regular' found: /home/
veronica/.fonts/Norlik.otf
 fontspec info: Defining shape 'normal' with NFSS spec.:
(fontspec)  <->"name:Norlik:mode=node;script=latn;language=DFLT;+tlig;+trep;ext
end=1.2;"

luaotfload | load font: font family='norlik', subfamily='regular' found: /home/
veronica/.fonts/Norlik.otf
 fontspec info: Could not resolve font Norlik/B (it probably doesn't exist).

luaotfload | load font: font family='norlik', subfamily='regular' found: /home/
veronica/.fonts/Norlik.otf
luaotfload | load font: font family='norlik', subfamily='italic' found: /home/v
eronica/.fonts/Norlik Italic.otf
luaotfload | load font: font family='norlik', subfamily='italic' found: /home/v
eronica/.fonts/Norlik Italic.otf
 fontspec info: Defining shape 'italic' with NFSS spec.:
(fontspec)  <->"name:Norlik/I:mode=node;script=latn;language=DFLT;+tlig;+trep;e
xtend=1.2;"

luaotfload | load font: font family='norlik', subfamily='regular' found: /home/
veronica/.fonts/Norlik.otf
 fontspec info: Could not resolve font Norlik/BI (it probably doesn't exist).

luaotfload | load font: auto-selecting default features for script: dflt (was l
atn)
luaotfload | load font: font family='norlik', subfamily='regular' found: /home/
veronica/.fonts/Norlik.otf [1

{/home/veronica/.texlive2010/texmf-var/fonts/map/pdftex/updmap/pdftex.map}] (./
test.aux)

LaTeX Font Warning: Some font shapes were not available, defaults substituted.

 )

Here is how much of LuaTeX's memory you used:
 12168 strings out of 257241
 100000,319454 words of node,token memory allocated
 447 words of node memory still in use:
   3 hlist, 1 vlist, 1 rule, 2 glue, 1 glyph, 3 attribute, 78 glue_spec, 3 attr
ibute_list, 1 write nodes
   avail lists: 2:417,3:7,4:73,5:17,6:135,7:1,9:16,10:4
 15342 multiletter control sequences out of 65536+200000
 25 fonts using 982955 bytes
 48i,5n,73p,600b,263s stack positions out of 5000i,500n,6000p,200000b,50000s
</home/veronica/.fonts/Norlik.otf></home/veronica/.fonts/Alum.otf>
Output written on test.pdf (1 page, 9056 bytes).
PDF statistics: 20 PDF objects out of 1000 (max. 8388607)
 12 compressed objects within 1 object stream
 0 named destinations out of 1000 (max. 131072)
 1 words of extra memory for PDF output out of 10000 (max. 10000000)

